<html>
<body>
<pre>
<h1>µVision Build Log</h1>
<h2>Tool Versions:</h2>
IDE-Version: µVision V5.14.0.0
Copyright (C) 2015 ARM Ltd and ARM Germany GmbH. All rights reserved.
License Information: Tejas G, HP Inc., LIC=----
 
Tool Versions:
Toolchain:       MDK-Lite  Version: 5.14.0.0
Toolchain Path:  C:\Keil_v5\ARM\ARMCC\Bin
C Compiler:      Armcc.exe V5.05 update 1 (build 106)
Assembler:       Armasm.exe V5.05 update 1 (build 106)
Linker/Locator:  ArmLink.exe V5.05 update 1 (build 106)
Library Manager: ArmAr.exe V5.05 update 1 (build 106)
Hex Converter:   FromElf.exe V5.05 update 1 (build 106)
CPU DLL:         SARM.DLL V5.14.0.0
Dialog DLL:      DARMP.DLL V1.51
Target DLL:      UL2ARM.DLL V1.74.5.0
Dialog DLL:      TARMP.DLL V1.51
 
<h2>Project:</h2>
C:\Users\tejas\OneDrive\Desktop\EMBD AND RTOS\EXP 2\led_blink.uvproj
Project File Date:  07/17/2024

<h2>Output:</h2>
Rebuild target 'Target 1'
assembling Startup.s...
compiling led_blink.c...
led_blink.c(40): warning:  #1-D: last line of file ends without a newline
  }
led_blink.c: 1 warning, 0 errors
linking...
Program Size: Code=924 RO-data=16 RW-data=0 ZI-data=1256  
FromELF: creating hex file...
".\Objects\led_blink.axf" - 0 Error(s), 1 Warning(s).
</pre>
</body>
</html>
